============================================================
 UniKey TSF Reborn — Build All Architectures
============================================================

[1/3] Configuring x64...
-- Could NOT find Python3 (missing: Python3_EXECUTABLE Interpreter) 
-- Configuring done (5.3s)
-- Generating done (1.6s)
-- Build files have been written to: C:/Users/HeoCop/Downloads/Projects/UnikeyTSF/build64
[2/3] Building x64 (Release)...
MSBuild version 18.4.0+6e61e96ac for .NET Framework

  gtest.vcxproj -> C:\Users\HeoCop\Downloads\Projects\UnikeyTSF\build64\lib\Release\gtest.lib
  gtest_main.vcxproj -> C:\Users\HeoCop\Downloads\Projects\UnikeyTSF\build64\lib\Release\gtest_main.lib
  ClipboardTests.vcxproj -> C:\Users\HeoCop\Downloads\Projects\UnikeyTSF\build64\Release\ClipboardTests.exe
  IPCTests.vcxproj -> C:\Users\HeoCop\Downloads\Projects\UnikeyTSF\build64\Release\IPCTests.exe
  SettingsUITests.vcxproj -> C:\Users\HeoCop\Downloads\Projects\UnikeyTSF\build64\Release\SettingsUITests.exe
  vn_engine.cpp
C:\Users\HeoCop\Downloads\Projects\UnikeyTSF\src\engine\vn_engine.cpp(217,87): warning C4100: 'freeToneMarking': unreferenced parameter [C:\Users\HeoCop\Downloads\Projects\UnikeyTSF\build64\UniKeyTSF.vcxproj]
  UniKeyTSF.vcxproj -> C:\Users\HeoCop\Downloads\Projects\UnikeyTSF\build64\Release\UniKeyTSF.exe
  vn_engine.cpp
C:\Users\HeoCop\Downloads\Projects\UnikeyTSF\src\engine\vn_engine.cpp(217,87): warning C4100: 'freeToneMarking': unreferenced parameter [C:\Users\HeoCop\Downloads\Projects\UnikeyTSF\build64\UniKeyTests.vcxproj]
  UniKeyTests.vcxproj -> C:\Users\HeoCop\Downloads\Projects\UnikeyTSF\build64\Release\UniKeyTests.exe
  gmock.vcxproj -> C:\Users\HeoCop\Downloads\Projects\UnikeyTSF\build64\lib\Release\gmock.lib
  gmock_main.vcxproj -> C:\Users\HeoCop\Downloads\Projects\UnikeyTSF\build64\lib\Release\gmock_main.lib
  vn_engine.cpp
C:\Users\HeoCop\Downloads\Projects\UnikeyTSF\src\engine\vn_engine.cpp(217,87): warning C4100: 'freeToneMarking': unreferenced parameter [C:\Users\HeoCop\Downloads\Projects\UnikeyTSF\build64\uktsf_core64.vcxproj]
     Creating library C:/Users/HeoCop/Downloads/Projects/UnikeyTSF/build64/Release/uktsf_core64.lib and object C:/Users/HeoCop/Downloads/Projects/UnikeyTSF/build64/Release/uktsf_core64.exp
  uktsf_core64.vcxproj -> C:\Users\HeoCop\Downloads\Projects\UnikeyTSF\build64\Release\uktsf_core64.dll
[3/3] Configuring Win32...
-- Could NOT find Python3 (missing: Python3_EXECUTABLE Interpreter) 
-- Configuring done (4.8s)
-- Generating done (1.7s)
-- Build files have been written to: C:/Users/HeoCop/Downloads/Projects/UnikeyTSF/build32
      Building Win32 (Release)...
MSBuild version 18.4.0+6e61e96ac for .NET Framework

  vn_engine.cpp
C:\Users\HeoCop\Downloads\Projects\UnikeyTSF\src\engine\vn_engine.cpp(217,87): warning C4100: 'freeToneMarking': unreferenced parameter [C:\Users\HeoCop\Downloads\Projects\UnikeyTSF\build32\uktsf_core32.vcxproj]
     Creating library C:/Users/HeoCop/Downloads/Projects/UnikeyTSF/build32/Release/uktsf_core32.lib and object C:/Users/HeoCop/Downloads/Projects/UnikeyTSF/build32/Release/uktsf_core32.exp
  uktsf_core32.vcxproj -> C:\Users\HeoCop\Downloads\Projects\UnikeyTSF\build32\Release\uktsf_core32.dll

Copying to production/...

============================================================
 BUILD COMPLETE
============================================================
UniKeyTSF.exe
uktsf_core32.dll
uktsf_core64.dll

Running unit tests...
[Test 1] Core Engine
Running main() from C:\Users\HeoCop\Downloads\Projects\UnikeyTSF\build64\_deps\googletest-src\googletest\src\gtest_main.cc
[==========] 90 tests from 12 test suites ran. (0 ms total)
[  PASSED  ] 90 tests.
[Test 2] IPC Manager
Running main() from C:\Users\HeoCop\Downloads\Projects\UnikeyTSF\build64\_deps\googletest-src\googletest\src\gtest_main.cc
[==========] 3 tests from 1 test suite ran. (2021 ms total)
[  PASSED  ] 3 tests.
[Test 3] Clipboard Toolkit
Running main() from C:\Users\HeoCop\Downloads\Projects\UnikeyTSF\build64\_deps\googletest-src\googletest\src\gtest_main.cc
[==========] 48 tests from 4 test suites ran. (0 ms total)
[  PASSED  ] 48 tests.
[Test 4] Settings UI (E2E)
Running main() from C:\Users\HeoCop\Downloads\Projects\UnikeyTSF\build64\_deps\googletest-src\googletest\src\gtest_main.cc
C:\Users\HeoCop\Downloads\Projects\UnikeyTSF\tests\e2e\settings_ui_test.cpp(121): error: Value of: IsChecked(3001)
  Actual: false
Expected: true

C:\Users\HeoCop\Downloads\Projects\UnikeyTSF\tests\e2e\settings_ui_test.cpp(122): error: Expected equality of these values:
  GetComboSelection(3005)
    Which is: -1
  IM_TELEX
    Which is: \0

C:\Users\HeoCop\Downloads\Projects\UnikeyTSF\tests\e2e\settings_ui_test.cpp(123): error: Expected equality of these values:
  GetComboSelection(3003)
    Which is: -1
  CS_UNICODE
    Which is: \0

C:\Users\HeoCop\Downloads\Projects\UnikeyTSF\tests\e2e\settings_ui_test.cpp(124): error: Value of: IsChecked(3011)
  Actual: false
Expected: true

C:\Users\HeoCop\Downloads\Projects\UnikeyTSF\tests\e2e\settings_ui_test.cpp(126): error: Value of: IsChecked(3031)
  Actual: false
Expected: true

C:\Users\HeoCop\Downloads\Projects\UnikeyTSF\tests\e2e\settings_ui_test.cpp(130): error: Value of: IsChecked(3022)
  Actual: false
Expected: true

[  FAILED  ] SettingsUITest.VerifyInitialStateFromConfig (200069 ms)
C:\Users\HeoCop\Downloads\Projects\UnikeyTSF\tests\e2e\settings_ui_test.cpp(180): error: Value of: IsWindowEnabled(hEdit)
  Actual: true
Expected: false

C:\Users\HeoCop\Downloads\Projects\UnikeyTSF\tests\e2e\settings_ui_test.cpp(181): error: Value of: IsWindowEnabled(hBtn)
  Actual: true
Expected: false

[  FAILED  ] SettingsUITest.MacroUIEnableDisable (100 ms)
C:\Users\HeoCop\Downloads\Projects\UnikeyTSF\tests\e2e\settings_ui_test.cpp(217): error: Value of: found
  Actual: false
Expected: true

[  FAILED  ] SettingsUITest.BlacklistAddRemove (153 ms)
[==========] 4 tests from 1 test suite ran. (200508 ms total)
[  PASSED  ] 1 test.
WARNING: Some tests failed
